warning: variant is never constructed: `B`
  --> $DIR/const-and-self.rs:33:5
   |
LL |     B,
   |     ^ help: if this is intentional, prefix it with an underscore: `_B`
   |
   = note: the leading underscore signals that this variant serves some other purpose even if it isn't used in a way that we can detect.
note: the lint level is defined here
  --> $DIR/const-and-self.rs:3:9
   |
LL | #![warn(dead_code)]
   |         ^^^^^^^^^

warning: variant is never constructed: `C`
  --> $DIR/const-and-self.rs:34:5
   |
LL |     C,
   |     ^ help: if this is intentional, prefix it with an underscore: `_C`
   |
   = note: the leading underscore signals that this variant serves some other purpose even if it isn't used in a way that we can detect.

warning: 2 warnings emitted

