error: type alias is never used: `Unused`
  --> $DIR/impl-trait.rs:12:1
   |
LL | type Unused = ();
   | ^^^^^------^^^^^^
   |      |
   |      help: if this is intentional, prefix it with an underscore: `_Unused`
   |
   = note: the leading underscore signals that this type alias serves some other purpose even if it isn't used in a way that we can detect.
note: the lint level is defined here
  --> $DIR/impl-trait.rs:1:9
   |
LL | #![deny(dead_code)]
   |         ^^^^^^^^^

error: aborting due to previous error

