error: variant is never constructed: `Variant1`
  --> $DIR/unused-variant.rs:5:5
   |
LL |     Variant1,
   |     ^^^^^^^^ help: if this is intentional, prefix it with an underscore: `_Variant1`
   |
   = note: the leading underscore signals that this variant serves some other purpose even if it isn't used in a way that we can detect.
note: the lint level is defined here
  --> $DIR/unused-variant.rs:1:9
   |
LL | #![deny(dead_code)]
   |         ^^^^^^^^^

error: aborting due to previous error

