warning: this operation will panic at runtime
  --> $DIR/bounds-check-no-overflow.rs:11:5
   |
LL |     xs[usize::MAX / size_of::<isize>() + 1];
   |     ^^^^^^^^^^^^^^^^^^^^^^^^^^^^^^^^^^^^^^^ index out of bounds: the length is 3 but the index is 2305843009213693952
   |
note: the lint level is defined here
  --> $DIR/bounds-check-no-overflow.rs:5:9
   |
LL | #![warn(unconditional_panic)]
   |         ^^^^^^^^^^^^^^^^^^^

warning: 1 warning emitted

