warning: using outdated version of `rental` crate
  --> $DIR/pretty-print-compat-hack/rental-0.5.5.rs:7:6
   |
LL | enum ProceduralMasqueradeDummyType {
   |      ^^^^^^^^^^^^^^^^^^^^^^^^^^^^^
   |
   = note: `#[warn(proc_macro_back_compat)]` on by default
   = warning: this was previously accepted by the compiler but is being phased out; it will become a hard error in a future release!
   = note: for more information, see issue #83125 <https://github.com/rust-lang/rust/issues/83125>
   = note: Versions of the `rental` crate below `0.5.6` will eventually stop compiling. Please update to the latest version of `rental`

warning: 1 warning emitted

Future incompatibility report: Future breakage date: None, diagnostic:
warning: using outdated version of `rental` crate
  --> $DIR/pretty-print-compat-hack/rental-0.5.5.rs:7:6
   |
LL | enum ProceduralMasqueradeDummyType {
   |      ^^^^^^^^^^^^^^^^^^^^^^^^^^^^^
   |
   = note: `#[warn(proc_macro_back_compat)]` on by default
   = warning: this was previously accepted by the compiler but is being phased out; it will become a hard error in a future release!
   = note: for more information, see issue #83125 <https://github.com/rust-lang/rust/issues/83125>
   = note: Versions of the `rental` crate below `0.5.6` will eventually stop compiling. Please update to the latest version of `rental`

