warning: struct is never constructed: `S`
  --> $DIR/macro-span-replacement.rs:7:14
   |
LL |         $b $a;
   |            --^
   |            |
   |            help: if this is intentional, prefix it with an underscore: `_S`
...
LL |     m!(S struct);
   |     ------------- in this macro invocation
   |
   = note: the leading underscore signals that this struct serves some other purpose even if it isn't used in a way that we can detect.
note: the lint level is defined here
  --> $DIR/macro-span-replacement.rs:3:9
   |
LL | #![warn(unused)]
   |         ^^^^^^
   = note: `#[warn(dead_code)]` implied by `#[warn(unused)]`
   = note: this warning originates in the macro `m` (in Nightly builds, run with -Z macro-backtrace for more info)

warning: 1 warning emitted

