warning: unused variable: `a`
  --> $DIR/issue-41941.rs:8:9
   |
LL |     let a = 5;
   |         ^ help: if this is intentional, prefix it with an underscore: `_a`
   |
note: the lint level is defined here
  --> $DIR/issue-41941.rs:5:9
   |
LL | #![warn(unused_variables)]
   |         ^^^^^^^^^^^^^^^^

warning: 1 warning emitted

