error: compare_exchange_weak's failure ordering may not be `Release` or `AcqRel`
  --> $DIR/lint-invalid-atomic-ordering-exchange-weak.rs:21:67
   |
LL |     let _ = x.compare_exchange_weak(ptr2, ptr, Ordering::Relaxed, Ordering::AcqRel);
   |                                                                   ^^^^^^^^^^^^^^^^
   |
   = note: `#[deny(invalid_atomic_ordering)]` on by default
   = help: consider using ordering mode `Relaxed` instead

error: compare_exchange_weak's failure ordering may not be `Release` or `AcqRel`
  --> $DIR/lint-invalid-atomic-ordering-exchange-weak.rs:23:67
   |
LL |     let _ = x.compare_exchange_weak(ptr2, ptr, Ordering::Acquire, Ordering::AcqRel);
   |                                                                   ^^^^^^^^^^^^^^^^
   |
   = help: consider using ordering modes `Acquire` or `Relaxed` instead

error: compare_exchange_weak's failure ordering may not be `Release` or `AcqRel`
  --> $DIR/lint-invalid-atomic-ordering-exchange-weak.rs:25:67
   |
LL |     let _ = x.compare_exchange_weak(ptr2, ptr, Ordering::Release, Ordering::AcqRel);
   |                                                                   ^^^^^^^^^^^^^^^^
   |
   = help: consider using ordering mode `Relaxed` instead

error: compare_exchange_weak's failure ordering may not be `Release` or `AcqRel`
  --> $DIR/lint-invalid-atomic-ordering-exchange-weak.rs:27:66
   |
LL |     let _ = x.compare_exchange_weak(ptr2, ptr, Ordering::AcqRel, Ordering::AcqRel);
   |                                                                  ^^^^^^^^^^^^^^^^
   |
   = help: consider using ordering modes `Acquire` or `Relaxed` instead

error: compare_exchange_weak's failure ordering may not be `Release` or `AcqRel`
  --> $DIR/lint-invalid-atomic-ordering-exchange-weak.rs:29:66
   |
LL |     let _ = x.compare_exchange_weak(ptr2, ptr, Ordering::SeqCst, Ordering::AcqRel);
   |                                                                  ^^^^^^^^^^^^^^^^
   |
   = help: consider using ordering modes `Acquire`, `SeqCst` or `Relaxed` instead

error: compare_exchange_weak's failure ordering may not be `Release` or `AcqRel`
  --> $DIR/lint-invalid-atomic-ordering-exchange-weak.rs:33:67
   |
LL |     let _ = x.compare_exchange_weak(ptr, ptr2, Ordering::Relaxed, Ordering::Release);
   |                                                                   ^^^^^^^^^^^^^^^^^
   |
   = help: consider using ordering mode `Relaxed` instead

error: compare_exchange_weak's failure ordering may not be `Release` or `AcqRel`
  --> $DIR/lint-invalid-atomic-ordering-exchange-weak.rs:35:67
   |
LL |     let _ = x.compare_exchange_weak(ptr, ptr2, Ordering::Acquire, Ordering::Release);
   |                                                                   ^^^^^^^^^^^^^^^^^
   |
   = help: consider using ordering modes `Acquire` or `Relaxed` instead

error: compare_exchange_weak's failure ordering may not be `Release` or `AcqRel`
  --> $DIR/lint-invalid-atomic-ordering-exchange-weak.rs:37:67
   |
LL |     let _ = x.compare_exchange_weak(ptr, ptr2, Ordering::Release, Ordering::Release);
   |                                                                   ^^^^^^^^^^^^^^^^^
   |
   = help: consider using ordering mode `Relaxed` instead

error: compare_exchange_weak's failure ordering may not be `Release` or `AcqRel`
  --> $DIR/lint-invalid-atomic-ordering-exchange-weak.rs:39:66
   |
LL |     let _ = x.compare_exchange_weak(ptr, ptr2, Ordering::AcqRel, Ordering::Release);
   |                                                                  ^^^^^^^^^^^^^^^^^
   |
   = help: consider using ordering modes `Acquire` or `Relaxed` instead

error: compare_exchange_weak's failure ordering may not be `Release` or `AcqRel`
  --> $DIR/lint-invalid-atomic-ordering-exchange-weak.rs:41:66
   |
LL |     let _ = x.compare_exchange_weak(ptr, ptr2, Ordering::SeqCst, Ordering::Release);
   |                                                                  ^^^^^^^^^^^^^^^^^
   |
   = help: consider using ordering modes `Acquire`, `SeqCst` or `Relaxed` instead

error: compare_exchange_weak's failure ordering may not be stronger than the success ordering of `Release`
  --> $DIR/lint-invalid-atomic-ordering-exchange-weak.rs:45:67
   |
LL |     let _ = x.compare_exchange_weak(ptr2, ptr, Ordering::Release, Ordering::Acquire);
   |                                                                   ^^^^^^^^^^^^^^^^^
   |
   = help: consider using ordering mode `Relaxed` instead

error: compare_exchange_weak's failure ordering may not be stronger than the success ordering of `Release`
  --> $DIR/lint-invalid-atomic-ordering-exchange-weak.rs:47:67
   |
LL |     let _ = x.compare_exchange_weak(ptr2, ptr, Ordering::Release, Ordering::SeqCst);
   |                                                                   ^^^^^^^^^^^^^^^^
   |
   = help: consider using ordering mode `Relaxed` instead

error: compare_exchange_weak's failure ordering may not be stronger than the success ordering of `Relaxed`
  --> $DIR/lint-invalid-atomic-ordering-exchange-weak.rs:51:67
   |
LL |     let _ = x.compare_exchange_weak(ptr, ptr2, Ordering::Relaxed, Ordering::SeqCst);
   |                                                                   ^^^^^^^^^^^^^^^^
   |
   = help: consider using ordering mode `Relaxed` instead

error: compare_exchange_weak's failure ordering may not be stronger than the success ordering of `Relaxed`
  --> $DIR/lint-invalid-atomic-ordering-exchange-weak.rs:53:67
   |
LL |     let _ = x.compare_exchange_weak(ptr, ptr2, Ordering::Relaxed, Ordering::Acquire);
   |                                                                   ^^^^^^^^^^^^^^^^^
   |
   = help: consider using ordering mode `Relaxed` instead

error: compare_exchange_weak's failure ordering may not be stronger than the success ordering of `Acquire`
  --> $DIR/lint-invalid-atomic-ordering-exchange-weak.rs:57:67
   |
LL |     let _ = x.compare_exchange_weak(ptr2, ptr, Ordering::Acquire, Ordering::SeqCst);
   |                                                                   ^^^^^^^^^^^^^^^^
   |
   = help: consider using ordering modes `Acquire` or `Relaxed` instead

error: compare_exchange_weak's failure ordering may not be stronger than the success ordering of `AcqRel`
  --> $DIR/lint-invalid-atomic-ordering-exchange-weak.rs:59:66
   |
LL |     let _ = x.compare_exchange_weak(ptr2, ptr, Ordering::AcqRel, Ordering::SeqCst);
   |                                                                  ^^^^^^^^^^^^^^^^
   |
   = help: consider using ordering modes `Acquire` or `Relaxed` instead

error: aborting due to 16 previous errors

