error: type alias impl traits are not allowed as field types in structs
  --> $DIR/lint-ctypes-73249-5.rs:16:1
   |
LL |   type Qux = impl Baz;
   |   -------------------- type alias defined here
...
LL | / pub struct A {
LL | |
LL | |     x: Qux,
   | |     ------ this field contains a type alias impl trait
LL | | }
   | |_^

error: aborting due to previous error

