error: atomic loads cannot have `Release` or `AcqRel` ordering
  --> $DIR/lint-invalid-atomic-ordering-ptr.rs:14:20
   |
LL |     let _ = x.load(Ordering::Release);
   |                    ^^^^^^^^^^^^^^^^^
   |
   = note: `#[deny(invalid_atomic_ordering)]` on by default
   = help: consider using ordering modes `Acquire`, `SeqCst` or `Relaxed`

error: atomic loads cannot have `Release` or `AcqRel` ordering
  --> $DIR/lint-invalid-atomic-ordering-ptr.rs:16:20
   |
LL |     let _ = x.load(Ordering::AcqRel);
   |                    ^^^^^^^^^^^^^^^^
   |
   = help: consider using ordering modes `Acquire`, `SeqCst` or `Relaxed`

error: atomic stores cannot have `Acquire` or `AcqRel` ordering
  --> $DIR/lint-invalid-atomic-ordering-ptr.rs:25:24
   |
LL |     x.store(other_ptr, Ordering::Acquire);
   |                        ^^^^^^^^^^^^^^^^^
   |
   = help: consider using ordering modes `Release`, `SeqCst` or `Relaxed`

error: atomic stores cannot have `Acquire` or `AcqRel` ordering
  --> $DIR/lint-invalid-atomic-ordering-ptr.rs:27:24
   |
LL |     x.store(other_ptr, Ordering::AcqRel);
   |                        ^^^^^^^^^^^^^^^^
   |
   = help: consider using ordering modes `Release`, `SeqCst` or `Relaxed`

error: aborting due to 4 previous errors

