warning: the feature `type_alias_impl_trait` is incomplete and may not be safe to use and/or cause compiler crashes
  --> $DIR/lint-ctypes-73249-5.rs:3:32
   |
LL | #![cfg_attr(full_tait, feature(type_alias_impl_trait))]
   |                                ^^^^^^^^^^^^^^^^^^^^^
   |
   = note: `#[warn(incomplete_features)]` on by default
   = note: see issue #63063 <https://github.com/rust-lang/rust/issues/63063> for more information

error: type alias impl traits are not allowed as field types in structs
  --> $DIR/lint-ctypes-73249-5.rs:16:1
   |
LL |   type Qux = impl Baz;
   |   -------------------- type alias defined here
...
LL | / pub struct A {
LL | |
LL | |     x: Qux,
   | |     ------ this field contains a type alias impl trait
LL | | }
   | |_^

error: aborting due to previous error; 1 warning emitted

