warning: unused variable: `a`
  --> $DIR/override-command-line-D.rs:6:9
   |
LL |     let a = 5;
   |         ^ help: if this is intentional, prefix it with an underscore: `_a`
   |
note: the lint level is defined here
  --> $DIR/override-command-line-D.rs:5:12
   |
LL |     #[warn(unused)]
   |            ^^^^^^
   = note: `#[warn(unused_variables)]` implied by `#[warn(unused)]`

warning: 1 warning emitted

