warning: this lint expectation is unfulfilled
  --> $DIR/expecting_missed_expectations.rs:15:1
   |
LL | #[expect(unfulfilled_lint_expectation, reason = "this should issue a warning")]
   | ^^^^^^^^^^^^^^^^^^^^^^^^^^^^^^^^^^^^^^^^^^^^^^^^^^^^^^^^^^^^^^^^^^^^^^^^^^^^^^^
   |
   = note: `#[warn(unfulfilled_lint_expectation)]` on by default
   = note: this should issue a warning

warning: 1 warning emitted

