warning: this lint expectation is unfulfilled
  --> $DIR/expect_reason.rs:5:1
   |
LL | #![expect(unused_variables, reason = "<This should fail and display this reason>")]
   | ^^^^^^^^^^^^^^^^^^^^^^^^^^^^^^^^^^^^^^^^^^^^^^^^^^^^^^^^^^^^^^^^^^^^^^^^^^^^^^^^^^^
   |
   = note: `#[warn(unfulfilled_lint_expectation)]` on by default
   = note: <This should fail and display this reason>

warning: 1 warning emitted

